[run] 14:03:58 port=COM9 minutes=10.0 plan=FaultPlan(split=0.25, merge=0.3, garbage=0.1, bitflip=0.03, length=0.01) seed=20260925
[faults] 逐项一致 | 注入：拆帧 5、并帧 10、杂散字节 6、CRC 翻转 1、长度翻转 0（交给接收器的数据帧 57）
[faults] 逐项一致 | 注入：拆帧 9、并帧 16、杂散字节 9、CRC 翻转 4、长度翻转 0（交给接收器的数据帧 114）
[run] 14:05:58 fan -> ON
[faults] 逐项一致 | 注入：拆帧 18、并帧 25、杂散字节 15、CRC 翻转 5、长度翻转 0（交给接收器的数据帧 174）
[faults] 逐项一致 | 注入：拆帧 26、并帧 32、杂散字节 21、CRC 翻转 6、长度翻转 0（交给接收器的数据帧 231）
[run] 14:07:59 fan -> OFF
[faults] 有长度翻转，只核对了没有错帧被接受 | 注入：拆帧 34、并帧 40、杂散字节 28、CRC 翻转 9、长度翻转 1（交给接收器的数据帧 288）
[faults] 有长度翻转，只核对了没有错帧被接受 | 注入：拆帧 39、并帧 50、杂散字节 35、CRC 翻转 11、长度翻转 1（交给接收器的数据帧 348）
[run] 14:09:58 fan -> ON
[faults] 有长度翻转，只核对了没有错帧被接受 | 注入：拆帧 51、并帧 57、杂散字节 38、CRC 翻转 13、长度翻转 1（交给接收器的数据帧 405）
[faults] 有长度翻转，只核对了没有错帧被接受 | 注入：拆帧 54、并帧 69、杂散字节 42、CRC 翻转 16、长度翻转 3（交给接收器的数据帧 462）
[run] 14:11:59 fan -> OFF
[faults] 有长度翻转，只核对了没有错帧被接受 | 注入：拆帧 63、并帧 75、杂散字节 47、CRC 翻转 17、长度翻转 4（交给接收器的数据帧 522）
[faults] 有长度翻转，只核对了没有错帧被接受 | 注入：拆帧 66、并帧 79、杂散字节 51、CRC 翻转 22、长度翻转 5（交给接收器的数据帧 579）
[run] 14:14:03 done after 10.0 min; fan toggles requested 4
[run] fan dispatcher: dispatched=4 deferred=0 failures=0 last_error=None
[run] link: bytes=27081 frames=552 resyncs=57 crc=27 decode=0 ignored=0 payload=0
[faults] 对账结果：有长度翻转，只核对了没有错帧被接受
[faults]   注入：拆帧 66、并帧 79、杂散字节 53、CRC 翻转 22、长度翻转 5（交给接收器的数据帧 585）
[faults]   线路自带：非帧字节 0 段、CRC 错 0、格式错 0
[faults]   被当作读数接受的错帧：0
[faults]   相邻两帧之间的最长间隔：5.0 s
[faults]   有长度翻转，逐项核对关闭：5 次翻转另外吞掉了 6 帧
