[run] 13:48:33 port=COM9 minutes=15.0 plan=FaultPlan(split=0.25, merge=0.3, garbage=0.1, bitflip=0.03, length=0.0) seed=20260924
[faults] 逐项一致 | 注入：拆帧 12、并帧 6、杂散字节 3、CRC 翻转 3、长度翻转 0（交给接收器的数据帧 57）
[faults] 逐项一致 | 注入：拆帧 19、并帧 12、杂散字节 9、CRC 翻转 4、长度翻转 0（交给接收器的数据帧 117）
[run] 13:50:33 fan -> ON
[faults] 逐项一致 | 注入：拆帧 25、并帧 16、杂散字节 13、CRC 翻转 8、长度翻转 0（交给接收器的数据帧 174）
[faults] 逐项一致 | 注入：拆帧 34、并帧 22、杂散字节 17、CRC 翻转 9、长度翻转 0（交给接收器的数据帧 234）
[run] 13:52:34 fan -> OFF
[faults] 逐项一致 | 注入：拆帧 41、并帧 30、杂散字节 19、CRC 翻转 11、长度翻转 0（交给接收器的数据帧 291）
[faults] 逐项一致 | 注入：拆帧 44、并帧 34、杂散字节 26、CRC 翻转 13、长度翻转 0（交给接收器的数据帧 348）
[run] 13:54:33 fan -> ON
[faults] 逐项一致 | 注入：拆帧 51、并帧 42、杂散字节 29、CRC 翻转 14、长度翻转 0（交给接收器的数据帧 408）
[faults] 逐项一致 | 注入：拆帧 57、并帧 49、杂散字节 30、CRC 翻转 15、长度翻转 0（交给接收器的数据帧 465）
[run] 13:56:33 fan -> OFF
[faults] 逐项一致 | 注入：拆帧 64、并帧 56、杂散字节 40、CRC 翻转 18、长度翻转 0（交给接收器的数据帧 525）
[run] 13:58:33 fan -> ON
[faults] 逐项一致 | 注入：拆帧 69、并帧 63、杂散字节 44、CRC 翻转 20、长度翻转 0（交给接收器的数据帧 582）
[faults] 逐项一致 | 注入：拆帧 73、并帧 70、杂散字节 46、CRC 翻转 21、长度翻转 0（交给接收器的数据帧 639）
[faults] 逐项一致 | 注入：拆帧 79、并帧 77、杂散字节 51、CRC 翻转 23、长度翻转 0（交给接收器的数据帧 696）
[run] 14:00:33 fan -> OFF
[faults] 逐项一致 | 注入：拆帧 90、并帧 86、杂散字节 56、CRC 翻转 26、长度翻转 0（交给接收器的数据帧 756）
[run] 14:02:33 fan -> ON
[faults] 逐项一致 | 注入：拆帧 93、并帧 94、杂散字节 61、CRC 翻转 28、长度翻转 0（交给接收器的数据帧 813）
[faults] 逐项一致 | 注入：拆帧 99、并帧 101、杂散字节 67、CRC 翻转 30、长度翻转 0（交给接收器的数据帧 873）
[run] 14:03:38 done after 15.0 min; fan toggles requested 7
[run] fan dispatcher: dispatched=8 deferred=0 failures=0 last_error=None
[run] link: bytes=40553 frames=845 resyncs=67 crc=31 decode=0 ignored=0 payload=0
[faults] 对账结果：逐项一致
[faults]   注入：拆帧 99、并帧 101、杂散字节 67、CRC 翻转 31、长度翻转 0（交给接收器的数据帧 876）
[faults]   线路自带：非帧字节 0 段、CRC 错 0、格式错 0
[faults]   被当作读数接受的错帧：0
[faults]   相邻两帧之间的最长间隔：4.5 s
[faults]   重同步：判出 67，应为 67（一致）
[faults]   CRC 失败：判出 31，应为 31（一致）
[faults]   格式错误：判出 0，应为 0（一致）
[faults]   正常帧：判出 845，应为 845（一致）
